// Jest Snapshot v1, https://goo.gl/fbAQLP

exports[`IVC should match stored mssims (bezkrovny) - rgb int 3`] = `
Object {
  "avion.bmp": 1,
  "avion_j2000_r1.bmp": 0.983,
  "avion_j2000_r2.bmp": 0.959,
  "avion_j2000_r3.bmp": 0.937,
  "avion_j2000_r4.bmp": 0.928,
  "avion_j2000_r5.bmp": 0.881,
  "avion_jpeg_r1.bmp": 0.936,
  "avion_jpeg_r2.bmp": 0.929,
  "avion_jpeg_r3.bmp": 0.912,
  "avion_jpeg_r4.bmp": 0.901,
  "avion_jpeg_r5.bmp": 0.877,
  "barba.bmp": 1,
  "barba_flou_f1.bmp": 0.985,
  "barba_flou_f2.bmp": 0.928,
  "barba_flou_f3.bmp": 0.876,
  "barba_flou_f4.bmp": 0.84,
  "barba_flou_f5.bmp": 0.817,
  "barba_j2000_r1.bmp": 0.975,
  "barba_j2000_r2.bmp": 0.961,
  "barba_j2000_r3.bmp": 0.934,
  "barba_j2000_r4.bmp": 0.898,
  "barba_j2000_r5.bmp": 0.823,
  "barba_jpeg_lumichr_r1.bmp": 0.974,
  "barba_jpeg_lumichr_r2.bmp": 0.955,
  "barba_jpeg_lumichr_r3.bmp": 0.918,
  "barba_jpeg_lumichr_r4.bmp": 0.874,
  "barba_jpeg_lumichr_r5.bmp": 0.845,
  "barba_jpeg_r1.bmp": 0.953,
  "barba_jpeg_r2.bmp": 0.936,
  "barba_jpeg_r3.bmp": 0.911,
  "barba_jpeg_r4.bmp": 0.882,
  "barba_jpeg_r5.bmp": 0.843,
  "barba_lar_r1.bmp": 0.839,
  "barba_lar_r2.bmp": 0.876,
  "barba_lar_r3.bmp": 0.916,
  "barba_lar_r4.bmp": 0.947,
  "barba_lar_r5.bmp": 0.958,
  "boats.bmp": 1,
  "boats_flou_f1.bmp": 0.979,
  "boats_flou_f2.bmp": 0.957,
  "boats_flou_f3.bmp": 0.932,
  "boats_flou_f4.bmp": 0.851,
  "boats_flou_f5.bmp": 0.81,
  "boats_j2000_r1.bmp": 0.972,
  "boats_j2000_r2.bmp": 0.952,
  "boats_j2000_r3.bmp": 0.927,
  "boats_j2000_r4.bmp": 0.904,
  "boats_j2000_r5.bmp": 0.856,
  "boats_jpeg_r1.bmp": 0.951,
  "boats_jpeg_r2.bmp": 0.94,
  "boats_jpeg_r3.bmp": 0.917,
  "boats_jpeg_r4.bmp": 0.899,
  "boats_jpeg_r5.bmp": 0.867,
  "boats_lar_r1.bmp": 0.863,
  "boats_lar_r2.bmp": 0.911,
  "boats_lar_r3.bmp": 0.923,
  "boats_lar_r4.bmp": 0.946,
  "boats_lar_r5.bmp": 0.962,
  "clown.bmp": 1,
  "clown_j2000_r1.bmp": 0.973,
  "clown_j2000_r2.bmp": 0.945,
  "clown_j2000_r3.bmp": 0.938,
  "clown_j2000_r4.bmp": 0.899,
  "clown_j2000_r5.bmp": 0.841,
  "clown_jpeg_lumichr_r1.bmp": 0.925,
  "clown_jpeg_lumichr_r2.bmp": 0.893,
  "clown_jpeg_lumichr_r3.bmp": 0.83,
  "clown_jpeg_lumichr_r4.bmp": 0.796,
  "clown_jpeg_lumichr_r5.bmp": 0.715,
  "clown_jpeg_r1.bmp": 0.934,
  "clown_jpeg_r2.bmp": 0.911,
  "clown_jpeg_r3.bmp": 0.887,
  "clown_jpeg_r4.bmp": 0.832,
  "clown_jpeg_r5.bmp": 0.822,
  "clown_lar_r1.bmp": 0.825,
  "clown_lar_r2.bmp": 0.883,
  "clown_lar_r3.bmp": 0.895,
  "clown_lar_r4.bmp": 0.946,
  "clown_lar_r5.bmp": 0.956,
  "fruit.bmp": 1,
  "fruit_flou_f1.bmp": 0.983,
  "fruit_flou_f2.bmp": 0.923,
  "fruit_flou_f3.bmp": 0.875,
  "fruit_flou_f4.bmp": 0.817,
  "fruit_flou_f5.bmp": 0.752,
  "fruit_j2000_r1.bmp": 0.988,
  "fruit_j2000_r2.bmp": 0.969,
  "fruit_j2000_r3.bmp": 0.945,
  "fruit_j2000_r4.bmp": 0.896,
  "fruit_j2000_r5.bmp": 0.848,
  "fruit_jpeg_lumichr_r1.bmp": 0.969,
  "fruit_jpeg_lumichr_r2.bmp": 0.963,
  "fruit_jpeg_lumichr_r3.bmp": 0.916,
  "fruit_jpeg_lumichr_r4.bmp": 0.875,
  "fruit_jpeg_lumichr_r5.bmp": 0.838,
  "fruit_jpeg_r1.bmp": 0.96,
  "fruit_jpeg_r2.bmp": 0.948,
  "fruit_jpeg_r3.bmp": 0.929,
  "fruit_jpeg_r4.bmp": 0.887,
  "fruit_jpeg_r5.bmp": 0.866,
  "fruit_lar_r1.bmp": 0.891,
  "fruit_lar_r2.bmp": 0.944,
  "fruit_lar_r3.bmp": 0.95,
  "fruit_lar_r4.bmp": 0.968,
  "fruit_lar_r5.bmp": 0.972,
  "house.bmp": 1,
  "house_j2000_r1.bmp": 0.981,
  "house_j2000_r2.bmp": 0.972,
  "house_j2000_r3.bmp": 0.944,
  "house_j2000_r4.bmp": 0.91,
  "house_j2000_r5.bmp": 0.86,
  "house_jpeg_r1.bmp": 0.946,
  "house_jpeg_r2.bmp": 0.939,
  "house_jpeg_r3.bmp": 0.915,
  "house_jpeg_r4.bmp": 0.887,
  "house_jpeg_r5.bmp": 0.857,
  "house_lar_r1.bmp": 0.884,
  "house_lar_r2.bmp": 0.911,
  "house_lar_r3.bmp": 0.942,
  "house_lar_r4.bmp": 0.956,
  "house_lar_r5.bmp": 0.958,
  "isabe.bmp": 1,
  "isabe_j2000_r1.bmp": 0.967,
  "isabe_j2000_r2.bmp": 0.955,
  "isabe_j2000_r3.bmp": 0.928,
  "isabe_j2000_r4.bmp": 0.918,
  "isabe_j2000_r5.bmp": 0.888,
  "isabe_jpeg_lumichr_r1.bmp": 0.963,
  "isabe_jpeg_lumichr_r2.bmp": 0.948,
  "isabe_jpeg_lumichr_r3.bmp": 0.923,
  "isabe_jpeg_lumichr_r4.bmp": 0.884,
  "isabe_jpeg_lumichr_r5.bmp": 0.842,
  "isabe_jpeg_r1.bmp": 0.916,
  "isabe_jpeg_r2.bmp": 0.904,
  "isabe_jpeg_r3.bmp": 0.88,
  "isabe_jpeg_r4.bmp": 0.86,
  "isabe_jpeg_r5.bmp": 0.824,
  "lenat.bmp": 1,
  "lenat_flou_f1.bmp": 0.985,
  "lenat_flou_f2.bmp": 0.941,
  "lenat_flou_f3.bmp": 0.901,
  "lenat_flou_f4.bmp": 0.887,
  "lenat_flou_f5.bmp": 0.846,
  "lenat_j2000_r1.bmp": 0.979,
  "lenat_j2000_r2.bmp": 0.959,
  "lenat_j2000_r3.bmp": 0.936,
  "lenat_j2000_r4.bmp": 0.918,
  "lenat_j2000_r5.bmp": 0.892,
  "lenat_jpeg_r1.bmp": 0.951,
  "lenat_jpeg_r2.bmp": 0.939,
  "lenat_jpeg_r3.bmp": 0.908,
  "lenat_jpeg_r4.bmp": 0.874,
  "lenat_jpeg_r5.bmp": 0.859,
  "lenat_lar_r1.bmp": 0.903,
  "lenat_lar_r2.bmp": 0.934,
  "lenat_lar_r3.bmp": 0.948,
  "lenat_lar_r4.bmp": 0.959,
  "lenat_lar_r5.bmp": 0.963,
  "mandr.bmp": 1,
  "mandr_j2000_r1.bmp": 0.914,
  "mandr_j2000_r2.bmp": 0.898,
  "mandr_j2000_r3.bmp": 0.831,
  "mandr_j2000_r4.bmp": 0.722,
  "mandr_j2000_r5.bmp": 0.612,
  "mandr_jpeg_lumichr_r1.bmp": 0.943,
  "mandr_jpeg_lumichr_r2.bmp": 0.927,
  "mandr_jpeg_lumichr_r3.bmp": 0.849,
  "mandr_jpeg_lumichr_r4.bmp": 0.818,
  "mandr_jpeg_lumichr_r5.bmp": 0.736,
  "mandr_jpeg_r1.bmp": 0.913,
  "mandr_jpeg_r2.bmp": 0.867,
  "mandr_jpeg_r3.bmp": 0.811,
  "mandr_jpeg_r4.bmp": 0.774,
  "mandr_jpeg_r5.bmp": 0.718,
  "mandr_lar_r1.bmp": 0.751,
  "mandr_lar_r2.bmp": 0.819,
  "mandr_lar_r3.bmp": 0.873,
  "mandr_lar_r4.bmp": 0.891,
  "mandr_lar_r5.bmp": 0.916,
  "pimen.bmp": 1,
  "pimen_j2000_r1.bmp": 0.979,
  "pimen_j2000_r2.bmp": 0.962,
  "pimen_j2000_r3.bmp": 0.947,
  "pimen_j2000_r4.bmp": 0.909,
  "pimen_j2000_r5.bmp": 0.781,
  "pimen_jpeg_r1.bmp": 0.92,
  "pimen_jpeg_r2.bmp": 0.904,
  "pimen_jpeg_r3.bmp": 0.894,
  "pimen_jpeg_r4.bmp": 0.851,
  "pimen_jpeg_r5.bmp": 0.816,
  "pimen_lar_r1.bmp": 0.902,
  "pimen_lar_r2.bmp": 0.941,
  "pimen_lar_r3.bmp": 0.943,
  "pimen_lar_r4.bmp": 0.951,
  "pimen_lar_r5.bmp": 0.953,
}
`;

exports[`IVC should match stored mssims (ssim fast) - rgb int 1`] = `
Object {
  "avion.bmp": 1,
  "avion_j2000_r1.bmp": 0.981,
  "avion_j2000_r2.bmp": 0.955,
  "avion_j2000_r3.bmp": 0.936,
  "avion_j2000_r4.bmp": 0.924,
  "avion_j2000_r5.bmp": 0.89,
  "avion_jpeg_r1.bmp": 0.945,
  "avion_jpeg_r2.bmp": 0.937,
  "avion_jpeg_r3.bmp": 0.92,
  "avion_jpeg_r4.bmp": 0.905,
  "avion_jpeg_r5.bmp": 0.893,
  "barba.bmp": 1,
  "barba_flou_f1.bmp": 0.98,
  "barba_flou_f2.bmp": 0.902,
  "barba_flou_f3.bmp": 0.833,
  "barba_flou_f4.bmp": 0.795,
  "barba_flou_f5.bmp": 0.77,
  "barba_j2000_r1.bmp": 0.967,
  "barba_j2000_r2.bmp": 0.948,
  "barba_j2000_r3.bmp": 0.913,
  "barba_j2000_r4.bmp": 0.87,
  "barba_j2000_r5.bmp": 0.781,
  "barba_jpeg_lumichr_r1.bmp": 0.962,
  "barba_jpeg_lumichr_r2.bmp": 0.937,
  "barba_jpeg_lumichr_r3.bmp": 0.888,
  "barba_jpeg_lumichr_r4.bmp": 0.835,
  "barba_jpeg_lumichr_r5.bmp": 0.8,
  "barba_jpeg_r1.bmp": 0.938,
  "barba_jpeg_r2.bmp": 0.916,
  "barba_jpeg_r3.bmp": 0.882,
  "barba_jpeg_r4.bmp": 0.853,
  "barba_jpeg_r5.bmp": 0.812,
  "barba_lar_r1.bmp": 0.788,
  "barba_lar_r2.bmp": 0.831,
  "barba_lar_r3.bmp": 0.886,
  "barba_lar_r4.bmp": 0.925,
  "barba_lar_r5.bmp": 0.941,
  "boats.bmp": 1,
  "boats_flou_f1.bmp": 0.982,
  "boats_flou_f2.bmp": 0.96,
  "boats_flou_f3.bmp": 0.932,
  "boats_flou_f4.bmp": 0.844,
  "boats_flou_f5.bmp": 0.801,
  "boats_j2000_r1.bmp": 0.968,
  "boats_j2000_r2.bmp": 0.947,
  "boats_j2000_r3.bmp": 0.92,
  "boats_j2000_r4.bmp": 0.893,
  "boats_j2000_r5.bmp": 0.843,
  "boats_jpeg_r1.bmp": 0.945,
  "boats_jpeg_r2.bmp": 0.935,
  "boats_jpeg_r3.bmp": 0.912,
  "boats_jpeg_r4.bmp": 0.894,
  "boats_jpeg_r5.bmp": 0.864,
  "boats_lar_r1.bmp": 0.845,
  "boats_lar_r2.bmp": 0.896,
  "boats_lar_r3.bmp": 0.911,
  "boats_lar_r4.bmp": 0.938,
  "boats_lar_r5.bmp": 0.957,
  "clown.bmp": 1,
  "clown_j2000_r1.bmp": 0.966,
  "clown_j2000_r2.bmp": 0.934,
  "clown_j2000_r3.bmp": 0.926,
  "clown_j2000_r4.bmp": 0.888,
  "clown_j2000_r5.bmp": 0.832,
  "clown_jpeg_lumichr_r1.bmp": 0.908,
  "clown_jpeg_lumichr_r2.bmp": 0.871,
  "clown_jpeg_lumichr_r3.bmp": 0.798,
  "clown_jpeg_lumichr_r4.bmp": 0.762,
  "clown_jpeg_lumichr_r5.bmp": 0.677,
  "clown_jpeg_r1.bmp": 0.924,
  "clown_jpeg_r2.bmp": 0.899,
  "clown_jpeg_r3.bmp": 0.876,
  "clown_jpeg_r4.bmp": 0.818,
  "clown_jpeg_r5.bmp": 0.805,
  "clown_lar_r1.bmp": 0.818,
  "clown_lar_r2.bmp": 0.875,
  "clown_lar_r3.bmp": 0.889,
  "clown_lar_r4.bmp": 0.939,
  "clown_lar_r5.bmp": 0.95,
  "fruit.bmp": 1,
  "fruit_flou_f1.bmp": 0.983,
  "fruit_flou_f2.bmp": 0.913,
  "fruit_flou_f3.bmp": 0.857,
  "fruit_flou_f4.bmp": 0.79,
  "fruit_flou_f5.bmp": 0.718,
  "fruit_j2000_r1.bmp": 0.982,
  "fruit_j2000_r2.bmp": 0.956,
  "fruit_j2000_r3.bmp": 0.926,
  "fruit_j2000_r4.bmp": 0.872,
  "fruit_j2000_r5.bmp": 0.827,
  "fruit_jpeg_lumichr_r1.bmp": 0.947,
  "fruit_jpeg_lumichr_r2.bmp": 0.942,
  "fruit_jpeg_lumichr_r3.bmp": 0.881,
  "fruit_jpeg_lumichr_r4.bmp": 0.832,
  "fruit_jpeg_lumichr_r5.bmp": 0.787,
  "fruit_jpeg_r1.bmp": 0.945,
  "fruit_jpeg_r2.bmp": 0.932,
  "fruit_jpeg_r3.bmp": 0.91,
  "fruit_jpeg_r4.bmp": 0.862,
  "fruit_jpeg_r5.bmp": 0.838,
  "fruit_lar_r1.bmp": 0.866,
  "fruit_lar_r2.bmp": 0.926,
  "fruit_lar_r3.bmp": 0.934,
  "fruit_lar_r4.bmp": 0.955,
  "fruit_lar_r5.bmp": 0.96,
  "house.bmp": 1,
  "house_j2000_r1.bmp": 0.975,
  "house_j2000_r2.bmp": 0.965,
  "house_j2000_r3.bmp": 0.934,
  "house_j2000_r4.bmp": 0.892,
  "house_j2000_r5.bmp": 0.83,
  "house_jpeg_r1.bmp": 0.952,
  "house_jpeg_r2.bmp": 0.935,
  "house_jpeg_r3.bmp": 0.91,
  "house_jpeg_r4.bmp": 0.872,
  "house_jpeg_r5.bmp": 0.842,
  "house_lar_r1.bmp": 0.868,
  "house_lar_r2.bmp": 0.919,
  "house_lar_r3.bmp": 0.929,
  "house_lar_r4.bmp": 0.95,
  "house_lar_r5.bmp": 0.959,
  "isabe.bmp": 1,
  "isabe_j2000_r1.bmp": 0.962,
  "isabe_j2000_r2.bmp": 0.95,
  "isabe_j2000_r3.bmp": 0.918,
  "isabe_j2000_r4.bmp": 0.909,
  "isabe_j2000_r5.bmp": 0.876,
  "isabe_jpeg_lumichr_r1.bmp": 0.95,
  "isabe_jpeg_lumichr_r2.bmp": 0.933,
  "isabe_jpeg_lumichr_r3.bmp": 0.904,
  "isabe_jpeg_lumichr_r4.bmp": 0.858,
  "isabe_jpeg_lumichr_r5.bmp": 0.811,
  "isabe_jpeg_r1.bmp": 0.904,
  "isabe_jpeg_r2.bmp": 0.891,
  "isabe_jpeg_r3.bmp": 0.869,
  "isabe_jpeg_r4.bmp": 0.848,
  "isabe_jpeg_r5.bmp": 0.817,
  "lenat.bmp": 1,
  "lenat_flou_f1.bmp": 0.986,
  "lenat_flou_f2.bmp": 0.935,
  "lenat_flou_f3.bmp": 0.89,
  "lenat_flou_f4.bmp": 0.875,
  "lenat_flou_f5.bmp": 0.83,
  "lenat_j2000_r1.bmp": 0.973,
  "lenat_j2000_r2.bmp": 0.949,
  "lenat_j2000_r3.bmp": 0.922,
  "lenat_j2000_r4.bmp": 0.904,
  "lenat_j2000_r5.bmp": 0.877,
  "lenat_jpeg_r1.bmp": 0.938,
  "lenat_jpeg_r2.bmp": 0.926,
  "lenat_jpeg_r3.bmp": 0.894,
  "lenat_jpeg_r4.bmp": 0.861,
  "lenat_jpeg_r5.bmp": 0.846,
  "lenat_lar_r1.bmp": 0.884,
  "lenat_lar_r2.bmp": 0.918,
  "lenat_lar_r3.bmp": 0.936,
  "lenat_lar_r4.bmp": 0.947,
  "lenat_lar_r5.bmp": 0.952,
  "mandr.bmp": 1,
  "mandr_j2000_r1.bmp": 0.895,
  "mandr_j2000_r2.bmp": 0.878,
  "mandr_j2000_r3.bmp": 0.799,
  "mandr_j2000_r4.bmp": 0.678,
  "mandr_j2000_r5.bmp": 0.558,
  "mandr_jpeg_lumichr_r1.bmp": 0.93,
  "mandr_jpeg_lumichr_r2.bmp": 0.913,
  "mandr_jpeg_lumichr_r3.bmp": 0.825,
  "mandr_jpeg_lumichr_r4.bmp": 0.792,
  "mandr_jpeg_lumichr_r5.bmp": 0.702,
  "mandr_jpeg_r1.bmp": 0.893,
  "mandr_jpeg_r2.bmp": 0.84,
  "mandr_jpeg_r3.bmp": 0.777,
  "mandr_jpeg_r4.bmp": 0.74,
  "mandr_jpeg_r5.bmp": 0.683,
  "mandr_lar_r1.bmp": 0.702,
  "mandr_lar_r2.bmp": 0.785,
  "mandr_lar_r3.bmp": 0.838,
  "mandr_lar_r4.bmp": 0.86,
  "mandr_lar_r5.bmp": 0.895,
  "pimen.bmp": 1,
  "pimen_j2000_r1.bmp": 0.969,
  "pimen_j2000_r2.bmp": 0.944,
  "pimen_j2000_r3.bmp": 0.928,
  "pimen_j2000_r4.bmp": 0.891,
  "pimen_j2000_r5.bmp": 0.783,
  "pimen_jpeg_r1.bmp": 0.916,
  "pimen_jpeg_r2.bmp": 0.906,
  "pimen_jpeg_r3.bmp": 0.892,
  "pimen_jpeg_r4.bmp": 0.849,
  "pimen_jpeg_r5.bmp": 0.816,
  "pimen_lar_r1.bmp": 0.897,
  "pimen_lar_r2.bmp": 0.934,
  "pimen_lar_r3.bmp": 0.946,
  "pimen_lar_r4.bmp": 0.955,
  "pimen_lar_r5.bmp": 0.958,
}
`;

exports[`IVC should match stored mssims (weber) - rgb int 3`] = `
Object {
  "avion.bmp": 1,
  "avion_j2000_r1.bmp": 0.984,
  "avion_j2000_r2.bmp": 0.962,
  "avion_j2000_r3.bmp": 0.944,
  "avion_j2000_r4.bmp": 0.934,
  "avion_j2000_r5.bmp": 0.899,
  "avion_jpeg_r1.bmp": 0.949,
  "avion_jpeg_r2.bmp": 0.941,
  "avion_jpeg_r3.bmp": 0.922,
  "avion_jpeg_r4.bmp": 0.909,
  "avion_jpeg_r5.bmp": 0.894,
  "barba.bmp": 1,
  "barba_flou_f1.bmp": 0.985,
  "barba_flou_f2.bmp": 0.929,
  "barba_flou_f3.bmp": 0.878,
  "barba_flou_f4.bmp": 0.849,
  "barba_flou_f5.bmp": 0.829,
  "barba_j2000_r1.bmp": 0.977,
  "barba_j2000_r2.bmp": 0.963,
  "barba_j2000_r3.bmp": 0.937,
  "barba_j2000_r4.bmp": 0.902,
  "barba_j2000_r5.bmp": 0.829,
  "barba_jpeg_lumichr_r1.bmp": 0.973,
  "barba_jpeg_lumichr_r2.bmp": 0.955,
  "barba_jpeg_lumichr_r3.bmp": 0.917,
  "barba_jpeg_lumichr_r4.bmp": 0.875,
  "barba_jpeg_lumichr_r5.bmp": 0.847,
  "barba_jpeg_r1.bmp": 0.955,
  "barba_jpeg_r2.bmp": 0.938,
  "barba_jpeg_r3.bmp": 0.911,
  "barba_jpeg_r4.bmp": 0.884,
  "barba_jpeg_r5.bmp": 0.848,
  "barba_lar_r1.bmp": 0.84,
  "barba_lar_r2.bmp": 0.875,
  "barba_lar_r3.bmp": 0.917,
  "barba_lar_r4.bmp": 0.946,
  "barba_lar_r5.bmp": 0.959,
  "boats.bmp": 1,
  "boats_flou_f1.bmp": 0.985,
  "boats_flou_f2.bmp": 0.968,
  "boats_flou_f3.bmp": 0.946,
  "boats_flou_f4.bmp": 0.874,
  "boats_flou_f5.bmp": 0.837,
  "boats_j2000_r1.bmp": 0.975,
  "boats_j2000_r2.bmp": 0.957,
  "boats_j2000_r3.bmp": 0.935,
  "boats_j2000_r4.bmp": 0.912,
  "boats_j2000_r5.bmp": 0.863,
  "boats_jpeg_r1.bmp": 0.954,
  "boats_jpeg_r2.bmp": 0.943,
  "boats_jpeg_r3.bmp": 0.92,
  "boats_jpeg_r4.bmp": 0.905,
  "boats_jpeg_r5.bmp": 0.869,
  "boats_lar_r1.bmp": 0.869,
  "boats_lar_r2.bmp": 0.916,
  "boats_lar_r3.bmp": 0.929,
  "boats_lar_r4.bmp": 0.951,
  "boats_lar_r5.bmp": 0.965,
  "clown.bmp": 1,
  "clown_j2000_r1.bmp": 0.974,
  "clown_j2000_r2.bmp": 0.947,
  "clown_j2000_r3.bmp": 0.941,
  "clown_j2000_r4.bmp": 0.907,
  "clown_j2000_r5.bmp": 0.857,
  "clown_jpeg_lumichr_r1.bmp": 0.925,
  "clown_jpeg_lumichr_r2.bmp": 0.894,
  "clown_jpeg_lumichr_r3.bmp": 0.829,
  "clown_jpeg_lumichr_r4.bmp": 0.796,
  "clown_jpeg_lumichr_r5.bmp": 0.719,
  "clown_jpeg_r1.bmp": 0.938,
  "clown_jpeg_r2.bmp": 0.915,
  "clown_jpeg_r3.bmp": 0.892,
  "clown_jpeg_r4.bmp": 0.836,
  "clown_jpeg_r5.bmp": 0.825,
  "clown_lar_r1.bmp": 0.848,
  "clown_lar_r2.bmp": 0.894,
  "clown_lar_r3.bmp": 0.907,
  "clown_lar_r4.bmp": 0.951,
  "clown_lar_r5.bmp": 0.961,
  "fruit.bmp": 1,
  "fruit_flou_f1.bmp": 0.987,
  "fruit_flou_f2.bmp": 0.935,
  "fruit_flou_f3.bmp": 0.893,
  "fruit_flou_f4.bmp": 0.839,
  "fruit_flou_f5.bmp": 0.774,
  "fruit_j2000_r1.bmp": 0.989,
  "fruit_j2000_r2.bmp": 0.971,
  "fruit_j2000_r3.bmp": 0.948,
  "fruit_j2000_r4.bmp": 0.905,
  "fruit_j2000_r5.bmp": 0.864,
  "fruit_jpeg_lumichr_r1.bmp": 0.97,
  "fruit_jpeg_lumichr_r2.bmp": 0.963,
  "fruit_jpeg_lumichr_r3.bmp": 0.918,
  "fruit_jpeg_lumichr_r4.bmp": 0.878,
  "fruit_jpeg_lumichr_r5.bmp": 0.841,
  "fruit_jpeg_r1.bmp": 0.96,
  "fruit_jpeg_r2.bmp": 0.95,
  "fruit_jpeg_r3.bmp": 0.929,
  "fruit_jpeg_r4.bmp": 0.889,
  "fruit_jpeg_r5.bmp": 0.865,
  "fruit_lar_r1.bmp": 0.901,
  "fruit_lar_r2.bmp": 0.947,
  "fruit_lar_r3.bmp": 0.953,
  "fruit_lar_r4.bmp": 0.969,
  "fruit_lar_r5.bmp": 0.972,
  "house.bmp": 1,
  "house_j2000_r1.bmp": 0.982,
  "house_j2000_r2.bmp": 0.974,
  "house_j2000_r3.bmp": 0.951,
  "house_j2000_r4.bmp": 0.918,
  "house_j2000_r5.bmp": 0.869,
  "house_jpeg_r1.bmp": 0.963,
  "house_jpeg_r2.bmp": 0.948,
  "house_jpeg_r3.bmp": 0.926,
  "house_jpeg_r4.bmp": 0.896,
  "house_jpeg_r5.bmp": 0.867,
  "house_lar_r1.bmp": 0.898,
  "house_lar_r2.bmp": 0.938,
  "house_lar_r3.bmp": 0.947,
  "house_lar_r4.bmp": 0.963,
  "house_lar_r5.bmp": 0.97,
  "isabe.bmp": 1,
  "isabe_j2000_r1.bmp": 0.969,
  "isabe_j2000_r2.bmp": 0.958,
  "isabe_j2000_r3.bmp": 0.932,
  "isabe_j2000_r4.bmp": 0.922,
  "isabe_j2000_r5.bmp": 0.892,
  "isabe_jpeg_lumichr_r1.bmp": 0.963,
  "isabe_jpeg_lumichr_r2.bmp": 0.948,
  "isabe_jpeg_lumichr_r3.bmp": 0.924,
  "isabe_jpeg_lumichr_r4.bmp": 0.882,
  "isabe_jpeg_lumichr_r5.bmp": 0.84,
  "isabe_jpeg_r1.bmp": 0.918,
  "isabe_jpeg_r2.bmp": 0.905,
  "isabe_jpeg_r3.bmp": 0.883,
  "isabe_jpeg_r4.bmp": 0.859,
  "isabe_jpeg_r5.bmp": 0.827,
  "lenat.bmp": 1,
  "lenat_flou_f1.bmp": 0.989,
  "lenat_flou_f2.bmp": 0.95,
  "lenat_flou_f3.bmp": 0.914,
  "lenat_flou_f4.bmp": 0.901,
  "lenat_flou_f5.bmp": 0.862,
  "lenat_j2000_r1.bmp": 0.98,
  "lenat_j2000_r2.bmp": 0.96,
  "lenat_j2000_r3.bmp": 0.938,
  "lenat_j2000_r4.bmp": 0.921,
  "lenat_j2000_r5.bmp": 0.896,
  "lenat_jpeg_r1.bmp": 0.951,
  "lenat_jpeg_r2.bmp": 0.94,
  "lenat_jpeg_r3.bmp": 0.908,
  "lenat_jpeg_r4.bmp": 0.872,
  "lenat_jpeg_r5.bmp": 0.858,
  "lenat_lar_r1.bmp": 0.902,
  "lenat_lar_r2.bmp": 0.935,
  "lenat_lar_r3.bmp": 0.949,
  "lenat_lar_r4.bmp": 0.959,
  "lenat_lar_r5.bmp": 0.964,
  "mandr.bmp": 1,
  "mandr_j2000_r1.bmp": 0.923,
  "mandr_j2000_r2.bmp": 0.91,
  "mandr_j2000_r3.bmp": 0.845,
  "mandr_j2000_r4.bmp": 0.742,
  "mandr_j2000_r5.bmp": 0.631,
  "mandr_jpeg_lumichr_r1.bmp": 0.948,
  "mandr_jpeg_lumichr_r2.bmp": 0.934,
  "mandr_jpeg_lumichr_r3.bmp": 0.862,
  "mandr_jpeg_lumichr_r4.bmp": 0.833,
  "mandr_jpeg_lumichr_r5.bmp": 0.756,
  "mandr_jpeg_r1.bmp": 0.919,
  "mandr_jpeg_r2.bmp": 0.874,
  "mandr_jpeg_r3.bmp": 0.82,
  "mandr_jpeg_r4.bmp": 0.785,
  "mandr_jpeg_r5.bmp": 0.733,
  "mandr_lar_r1.bmp": 0.766,
  "mandr_lar_r2.bmp": 0.835,
  "mandr_lar_r3.bmp": 0.88,
  "mandr_lar_r4.bmp": 0.896,
  "mandr_lar_r5.bmp": 0.923,
  "pimen.bmp": 1,
  "pimen_j2000_r1.bmp": 0.98,
  "pimen_j2000_r2.bmp": 0.963,
  "pimen_j2000_r3.bmp": 0.949,
  "pimen_j2000_r4.bmp": 0.918,
  "pimen_j2000_r5.bmp": 0.801,
  "pimen_jpeg_r1.bmp": 0.937,
  "pimen_jpeg_r2.bmp": 0.926,
  "pimen_jpeg_r3.bmp": 0.914,
  "pimen_jpeg_r4.bmp": 0.872,
  "pimen_jpeg_r5.bmp": 0.838,
  "pimen_lar_r1.bmp": 0.915,
  "pimen_lar_r2.bmp": 0.949,
  "pimen_lar_r3.bmp": 0.957,
  "pimen_lar_r4.bmp": 0.966,
  "pimen_lar_r5.bmp": 0.968,
}
`;
